src/app/App.tsx(166,10): error TS6133: 'RootRedirect' is declared but its value is never read.
src/app/pages/PendingApproval.tsx(3,37): error TS6133: 'ArrowLeft' is declared but its value is never read.
src/app/providers/TenantProvider.tsx(88,51): error TS2345: Argument of type 'string' is not assignable to parameter of type 'ModuleType'.
src/core/rbac/usePermissions.ts(192,85): error TS6133: 'tableName' is declared but its value is never read.
src/core/utils/data-ownership.ts(22,10): error TS2707: Generic type 'PostgrestFilterBuilder<ClientOptions, Schema, Row, Result$1, RelationName, Relationships, Method>' requires between 4 and 7 type arguments.
src/core/utils/data-ownership.ts(29,44): error TS2707: Generic type 'PostgrestFilterBuilder<ClientOptions, Schema, Row, Result$1, RelationName, Relationships, Method>' requires between 4 and 7 type arguments.
src/core/utils/data-ownership.ts(35,10): error TS2707: Generic type 'PostgrestFilterBuilder<ClientOptions, Schema, Row, Result$1, RelationName, Relationships, Method>' requires between 4 and 7 type arguments.
src/modules/clm/hooks/useCLM.ts(21,6): error TS6196: 'ContractStatus' is declared but never used.
src/modules/clm/pages/CLMDashboard.tsx(199,57): error TS2538: Type 'null' cannot be used as an index type.
src/modules/clm/pages/CLMDashboard.tsx(199,82): error TS18047: 'contract.status' is possibly 'null'.
src/modules/clm/pages/CLMDashboard.tsx(200,90): error TS2769: No overload matches this call.
  Overload 1 of 4, '(value: string | number | Date): Date', gave the following error.
    Argument of type 'string | null' is not assignable to parameter of type 'string | number | Date'.
      Type 'null' is not assignable to type 'string | number | Date'.
  Overload 2 of 4, '(value: string | number): Date', gave the following error.
    Argument of type 'string | null' is not assignable to parameter of type 'string | number'.
      Type 'null' is not assignable to type 'string | number'.
src/modules/clm/pages/ContractBuilderPage.tsx(66,22): error TS2339: Property 'total' does not exist on type '{ account_id: string | null; approved_at: string | null; approved_by: string | null; contact_id: string | null; created_at: string | null; customer_email: string | null; customer_name: string | null; ... 18 more ...; opportunities: { ...; } | null; }'.
src/modules/clm/pages/ContractBuilderPage.tsx(121,23): error TS2345: Argument of type '(prev: { name: string; account_id: string; contact_id: string; quote_id: string; template_id: string; start_date: string; end_date: string; value: number; content: string; }) => { template_id: string; ... 7 more ...; value: number; }' is not assignable to parameter of type 'SetStateAction<{ name: string; account_id: string; contact_id: string; quote_id: string; template_id: string; start_date: string; end_date: string; value: number; content: string; }>'.
  Type '(prev: { name: string; account_id: string; contact_id: string; quote_id: string; template_id: string; start_date: string; end_date: string; value: number; content: string; }) => { template_id: string; ... 7 more ...; value: number; }' is not assignable to type '(prevState: { name: string; account_id: string; contact_id: string; quote_id: string; template_id: string; start_date: string; end_date: string; value: number; content: string; }) => { name: string; ... 7 more ...; content: string; }'.
    Call signature return types '{ template_id: string; content: string | null; name: string; account_id: string; contact_id: string; quote_id: string; start_date: string; end_date: string; value: number; }' and '{ name: string; account_id: string; contact_id: string; quote_id: string; template_id: string; start_date: string; end_date: string; value: number; content: string; }' are incompatible.
      The types of 'content' are incompatible between these types.
        Type 'string | null' is not assignable to type 'string'.
          Type 'null' is not assignable to type 'string'.
src/modules/clm/pages/ContractBuilderPage.tsx(200,84): error TS2339: Property 'total' does not exist on type '{ account_id: string | null; approved_at: string | null; approved_by: string | null; contact_id: string | null; created_at: string | null; customer_email: string | null; customer_name: string | null; ... 18 more ...; opportunities: { ...; } | null; }'.
src/modules/clm/pages/ContractScanPage.tsx(7,1): error TS6133: 'Separator' is declared but its value is never read.
src/modules/clm/pages/ContractsListPage.tsx(82,26): error TS2339: Property 'name' does not exist on type 'SelectQueryError<"could not find the relation between contracts and accounts">'.
src/modules/clm/pages/ContractsListPage.tsx(159,56): error TS2538: Type 'null' cannot be used as an index type.
src/modules/clm/pages/ContractsListPage.tsx(165,56): error TS2339: Property 'name' does not exist on type 'SelectQueryError<"could not find the relation between contracts and accounts">'.
src/modules/clm/pages/ContractsPage.tsx(7,3): error TS6133: 'useContractTemplates' is declared but its value is never read.
src/modules/clm/pages/ContractsPage.tsx(155,40): error TS2345: Argument of type '{ value: number | null; start_date: string | null; end_date: string | null; account_id: string | null; name: string; status: ContractStatus; content: string; id: string; }' is not assignable to parameter of type 'Partial<Contract> & { id: string; }'.
  Type '{ value: number | null; start_date: string | null; end_date: string | null; account_id: string | null; name: string; status: ContractStatus; content: string; id: string; }' is not assignable to type 'Partial<Contract>'.
    Types of property 'account_id' are incompatible.
      Type 'string | null' is not assignable to type 'string | undefined'.
        Type 'null' is not assignable to type 'string | undefined'.
src/modules/clm/pages/ContractsPage.tsx(157,40): error TS2345: Argument of type '{ value: number | null; start_date: string | null; end_date: string | null; account_id: string | null; name: string; status: ContractStatus; content: string; }' is not assignable to parameter of type 'Omit<Partial<Contract>, "id" | "created_at" | "updated_at">'.
  Types of property 'value' are incompatible.
    Type 'number | null' is not assignable to type 'number | undefined'.
      Type 'null' is not assignable to type 'number | undefined'.
src/modules/clm/pages/ESignaturePage.tsx(25,9): error TS6133: 'contractId' is declared but its value is never read.
src/modules/cpq/components/QuotePDFTemplate.tsx(149,35): error TS2345: Argument of type 'number | undefined' is not assignable to parameter of type 'number'.
  Type 'undefined' is not assignable to type 'number'.
src/modules/cpq/hooks/useCPQ.ts(581,11): error TS2353: Object literal may only specify known properties, and 'deleted_at' does not exist in type '{ created_at?: string | null | undefined; description?: string | null | undefined; discount_percent?: number | null | undefined; id?: string | undefined; line_total?: number | null | undefined; ... 10 more ...; updated_at?: string | ... 1 more ... | undefined; }'.
src/modules/cpq/pages/ProductsPage.tsx(24,1): error TS6133: 'toast' is declared but its value is never read.
src/modules/cpq/pages/QuoteBuilderPage.tsx(78,16): error TS2345: Argument of type '{ id: string | undefined; product_id: string; product_name: string; description: string | undefined; quantity: number; unit_price: number; discount_percent: number; total: number | undefined; }[]' is not assignable to parameter of type 'SetStateAction<LocalQuoteItem[]>'.
  Type '{ id: string | undefined; product_id: string; product_name: string; description: string | undefined; quantity: number; unit_price: number; discount_percent: number; total: number | undefined; }[]' is not assignable to type 'LocalQuoteItem[]'.
    Type '{ id: string | undefined; product_id: string; product_name: string; description: string | undefined; quantity: number; unit_price: number; discount_percent: number; total: number | undefined; }' is not assignable to type 'LocalQuoteItem'.
      Types of property 'total' are incompatible.
        Type 'number | undefined' is not assignable to type 'number'.
          Type 'undefined' is not assignable to type 'number'.
src/modules/cpq/pages/QuoteDetailPage.tsx(178,85): error TS2345: Argument of type 'number | undefined' is not assignable to parameter of type 'number'.
  Type 'undefined' is not assignable to type 'number'.
src/modules/cpq/pages/QuotesListPage.tsx(2,88): error TS6133: 'ArrowRight' is declared but its value is never read.
src/modules/cpq/pages/QuotesListPage.tsx(11,1): error TS6133: 'toast' is declared but its value is never read.
src/modules/cpq/pages/QuotesListPage.tsx(14,1): error TS6133: 'Quote' is declared but its value is never read.
src/modules/cpq/pages/QuotesListPage.tsx(54,39): error TS2322: Type 'string' is not assignable to type 'QuoteStatus'.
src/modules/crm/components/OpportunityPipeline.tsx(2,29): error TS6133: 'CardHeader' is declared but its value is never read.
src/modules/crm/components/OpportunityPipeline.tsx(2,41): error TS6133: 'CardTitle' is declared but its value is never read.
src/modules/crm/hooks/useCRM.ts(149,5): error TS2322: Type 'string | null' is not assignable to type 'string'.
  Type 'null' is not assignable to type 'string'.
src/modules/crm/hooks/useCRM.ts(150,5): error TS2322: Type 'string | null' is not assignable to type 'string'.
  Type 'null' is not assignable to type 'string'.
src/modules/crm/hooks/useCRM.ts(250,5): error TS2322: Type 'string | null' is not assignable to type 'string'.
  Type 'null' is not assignable to type 'string'.
src/modules/crm/hooks/useCRM.ts(268,5): error TS2322: Type 'string | null' is not assignable to type 'string | undefined'.
  Type 'null' is not assignable to type 'string | undefined'.
src/modules/crm/hooks/useCRM.ts(291,5): error TS2353: Object literal may only specify known properties, and 'customer_email' does not exist in type 'Quote'.
src/modules/crm/hooks/useCRM.ts(306,5): error TS2322: Type 'string | null' is not assignable to type 'string'.
  Type 'null' is not assignable to type 'string'.
src/modules/crm/hooks/useCRM.ts(308,5): error TS2322: Type 'number | null' is not assignable to type 'number'.
  Type 'null' is not assignable to type 'number'.
src/modules/crm/hooks/useCRM.ts(309,5): error TS2322: Type 'number | null' is not assignable to type 'number'.
  Type 'null' is not assignable to type 'number'.
src/modules/crm/hooks/useCRM.ts(1363,11): error TS2353: Object literal may only specify known properties, and 'payment_terms' does not exist in type '{ account_id?: string | null | undefined; approved_at?: string | null | undefined; approved_by?: string | null | undefined; contact_id?: string | null | undefined; created_at?: string | null | undefined; ... 17 more ...; updated_at?: string | ... 1 more ... | undefined; }'.
src/modules/crm/hooks/useCRM.ts(1414,48): error TS2339: Property 'payment_terms' does not exist on type '{ account_id?: string | null | undefined; approved_at?: string | null | undefined; approved_by?: string | null | undefined; contact_id?: string | null | undefined; created_at?: string | null | undefined; ... 17 more ...; updated_at?: string | ... 1 more ... | undefined; }'.
src/modules/crm/hooks/useCRM.ts(1415,48): error TS2339: Property 'notes' does not exist on type '{ account_id?: string | null | undefined; approved_at?: string | null | undefined; approved_by?: string | null | undefined; contact_id?: string | null | undefined; created_at?: string | null | undefined; ... 17 more ...; updated_at?: string | ... 1 more ... | undefined; }'.
src/modules/crm/pages/AccountsPage.tsx(148,39): error TS2345: Argument of type '{ annual_revenue: number | null; employee_count: number | null; name: string; industry: string; website: string; phone: string; email: string; address: string; city: string; state: string; country: string; postal_code: string; description: string; id: string; }' is not assignable to parameter of type 'Partial<Account> & { id: string; }'.
  Type '{ annual_revenue: number | null; employee_count: number | null; name: string; industry: string; website: string; phone: string; email: string; address: string; city: string; state: string; country: string; postal_code: string; description: string; id: string; }' is not assignable to type 'Partial<Account>'.
    Types of property 'annual_revenue' are incompatible.
      Type 'number | null' is not assignable to type 'number | undefined'.
        Type 'null' is not assignable to type 'number | undefined'.
src/modules/crm/pages/AccountsPage.tsx(150,39): error TS2345: Argument of type '{ annual_revenue: number | null; employee_count: number | null; name: string; industry: string; website: string; phone: string; email: string; address: string; city: string; state: string; country: string; postal_code: string; description: string; }' is not assignable to parameter of type 'Omit<Partial<Account>, "id" | "created_at" | "updated_at">'.
  Types of property 'annual_revenue' are incompatible.
    Type 'number | null' is not assignable to type 'number | undefined'.
      Type 'null' is not assignable to type 'number | undefined'.
src/modules/crm/pages/ActivitiesPage.tsx(134,40): error TS2345: Argument of type '{ due_date: string | null; subject: string; type: ActivityType; description: string; priority: string; is_completed: boolean; id: string; }' is not assignable to parameter of type 'Partial<Activity> & { id: string; }'.
  Type '{ due_date: string | null; subject: string; type: ActivityType; description: string; priority: string; is_completed: boolean; id: string; }' is not assignable to type 'Partial<Activity>'.
    Types of property 'due_date' are incompatible.
      Type 'string | null' is not assignable to type 'string | undefined'.
        Type 'null' is not assignable to type 'string | undefined'.
src/modules/crm/pages/ActivitiesPage.tsx(136,40): error TS2345: Argument of type '{ due_date: string | null; subject: string; type: ActivityType; description: string; priority: string; is_completed: boolean; }' is not assignable to parameter of type 'Omit<Partial<Activity>, "id" | "created_at" | "updated_at">'.
  Types of property 'due_date' are incompatible.
    Type 'string | null' is not assignable to type 'string | undefined'.
      Type 'null' is not assignable to type 'string | undefined'.
src/modules/crm/pages/CRMDashboard.tsx(11,35): error TS6133: 'statsLoading' is declared but its value is never read.
src/modules/crm/pages/CRMDashboard.tsx(12,48): error TS6133: 'oppsLoading' is declared but its value is never read.
src/modules/erp/hooks/useERP.ts(76,21): error TS2551: Property 'created_by' does not exist on type '{ address: string | null; city: string | null; code: string | null; contact_email: string | null; contact_name: string | null; country: string | null; created_at: string | null; ... 12 more ...; zip: string | null; }'. Did you mean 'created_at'?
src/modules/erp/hooks/useERP.ts(112,5): error TS2322: Type 'string | null' is not assignable to type 'string | undefined'.
  Type 'null' is not assignable to type 'string | undefined'.
src/modules/erp/hooks/useERP.ts(134,5): error TS2322: Type 'string | null' is not assignable to type 'string'.
  Type 'null' is not assignable to type 'string'.
src/modules/erp/hooks/useERP.ts(150,5): error TS2322: Type 'string | null' is not assignable to type 'string | undefined'.
  Type 'null' is not assignable to type 'string | undefined'.
src/modules/erp/hooks/useERP.ts(162,5): error TS2322: Type '{ id: string; sku: string | null; name: string; quantity_on_hand: any; quantity_reserved: any; quantity_available: any; created_at: string; updated_at: string; } | undefined' is not assignable to type 'InventoryItem | undefined'.
  Type '{ id: string; sku: string | null; name: string; quantity_on_hand: any; quantity_reserved: any; quantity_available: any; created_at: string; updated_at: string; }' is not assignable to type 'InventoryItem'.
    Types of property 'sku' are incompatible.
      Type 'string | null' is not assignable to type 'string'.
        Type 'null' is not assignable to type 'string'.
src/modules/erp/hooks/useERP.ts(167,35): error TS2339: Property 'quantity_on_hand' does not exist on type '{ category: string | null; cost: number | null; created_at: string | null; currency: string | null; description: string | null; family: string | null; id: string; is_active: boolean | null; ... 6 more ...; updated_at: string | null; }'.
src/modules/erp/hooks/useERP.ts(168,36): error TS2339: Property 'quantity_reserved' does not exist on type '{ category: string | null; cost: number | null; created_at: string | null; currency: string | null; description: string | null; family: string | null; id: string; is_active: boolean | null; ... 6 more ...; updated_at: string | null; }'.
src/modules/erp/hooks/useERP.ts(169,37): error TS2339: Property 'quantity_available' does not exist on type '{ category: string | null; cost: number | null; created_at: string | null; currency: string | null; description: string | null; family: string | null; id: string; is_active: boolean | null; ... 6 more ...; updated_at: string | null; }'.
src/modules/erp/hooks/useERP.ts(363,46): error TS2345: Argument of type '{ table: string; id: string; userId: string | null; }' is not assignable to parameter of type 'SoftDeleteInput'.
  Property 'organizationId' is missing in type '{ table: string; id: string; userId: string | null; }' but required in type 'SoftDeleteInput'.
src/modules/erp/hooks/useERP.ts(543,46): error TS2345: Argument of type '{ table: string; id: string; userId: string | null; }' is not assignable to parameter of type 'SoftDeleteInput'.
  Property 'organizationId' is missing in type '{ table: string; id: string; userId: string | null; }' but required in type 'SoftDeleteInput'.
src/modules/erp/hooks/useERP.ts(635,11): error TS2353: Object literal may only specify known properties, and 'payment_terms' does not exist in type '{ actual_delivery_date?: string | null | undefined; created_at?: string | null | undefined; created_by?: string | null | undefined; expected_date?: string | null | undefined; expected_delivery_date?: string | ... 1 more ... | undefined; ... 14 more ...; vendor_id?: string | ... 1 more ... | undefined; }'.
src/modules/erp/hooks/useERP.ts(735,11): error TS2353: Object literal may only specify known properties, and 'deleted_at' does not exist in type '{ created_at?: string | null | undefined; description?: string | null | undefined; id?: string | undefined; line_total?: number | null | undefined; organization_id?: string | null | undefined; ... 9 more ...; updated_at?: string | ... 1 more ... | undefined; }'.
src/modules/erp/hooks/useERP.ts(742,46): error TS2345: Argument of type '{ table: string; id: string; userId: string | null; }' is not assignable to parameter of type 'SoftDeleteInput'.
  Property 'organizationId' is missing in type '{ table: string; id: string; userId: string | null; }' but required in type 'SoftDeleteInput'.
src/modules/erp/hooks/useERP.ts(837,43): error TS2345: Argument of type 'string | null' is not assignable to parameter of type 'string'.
  Type 'null' is not assignable to type 'string'.
src/modules/erp/hooks/useERP.ts(839,46): error TS2345: Argument of type '{ table: string; id: string; userId: string | null; }' is not assignable to parameter of type 'SoftDeleteInput'.
  Property 'organizationId' is missing in type '{ table: string; id: string; userId: string | null; }' but required in type 'SoftDeleteInput'.
src/modules/erp/hooks/useERP.ts(998,46): error TS2345: Argument of type '{ table: string; id: string; userId: string | null; }' is not assignable to parameter of type 'SoftDeleteInput'.
  Property 'organizationId' is missing in type '{ table: string; id: string; userId: string | null; }' but required in type 'SoftDeleteInput'.
src/modules/erp/hooks/useERP.ts(1155,46): error TS2345: Argument of type '{ table: string; id: string; userId: string | null; }' is not assignable to parameter of type 'SoftDeleteInput'.
  Property 'organizationId' is missing in type '{ table: string; id: string; userId: string | null; }' but required in type 'SoftDeleteInput'.
src/modules/erp/pages/ERPDashboard.tsx(62,24): error TS6133: 'isLoading' is declared but its value is never read.
src/modules/erp/pages/ERPDashboard.tsx(95,27): error TS2352: Conversion of type '{ actual_delivery_date: string | null; created_at: string | null; created_by: string | null; expected_date: string | null; expected_delivery_date: string | null; id: string; notes: string | null; ... 13 more ...; accounts: SelectQueryError<...>; }[]' to type 'SimplePurchaseOrder[]' may be a mistake because neither type sufficiently overlaps with the other. If this was intentional, convert the expression to 'unknown' first.
  Type '{ actual_delivery_date: string | null; created_at: string | null; created_by: string | null; expected_date: string | null; expected_delivery_date: string | null; id: string; notes: string | null; ... 13 more ...; accounts: SelectQueryError<...>; }' is not comparable to type 'SimplePurchaseOrder'.
    Types of property 'accounts' are incompatible.
      Type 'SelectQueryError<"could not find the relation between purchase_orders and accounts">' is not comparable to type '{ name: string; } | null'.
src/modules/erp/pages/FinancePage.tsx(103,5): error TS18047: 'record.description' is possibly 'null'.
src/modules/erp/pages/FinancePage.tsx(222,35): error TS2769: No overload matches this call.
  Overload 1 of 4, '(value: string | number | Date): Date', gave the following error.
    Argument of type 'string | null' is not assignable to parameter of type 'string | number | Date'.
      Type 'null' is not assignable to type 'string | number | Date'.
  Overload 2 of 4, '(value: string | number): Date', gave the following error.
    Argument of type 'string | null' is not assignable to parameter of type 'string | number'.
      Type 'null' is not assignable to type 'string | number'.
src/modules/erp/pages/FinancePage.tsx(242,91): error TS2345: Argument of type 'number | null' is not assignable to parameter of type 'number'.
  Type 'null' is not assignable to type 'number'.
src/modules/erp/pages/ProcurementPage.tsx(201,21): error TS2339: Property 'name' does not exist on type 'SelectQueryError<"could not find the relation between purchase_orders and accounts">'.
src/modules/erp/pages/ProcurementPage.tsx(265,59): error TS18047: 'orderToDelete' is possibly 'null'.
src/modules/erp/pages/ProcurementPage.tsx(306,51): error TS2339: Property 'name' does not exist on type 'SelectQueryError<"could not find the relation between purchase_orders and accounts">'.
src/modules/erp/pages/ProcurementPage.tsx(319,75): error TS2538: Type 'null' cannot be used as an index type.
src/modules/erp/pages/ProcurementPage.tsx(331,78): error TS2345: Argument of type '{ actual_delivery_date: string | null; created_at: string | null; created_by: string | null; expected_date: string | null; expected_delivery_date: string | null; id: string; notes: string | null; ... 13 more ...; accounts: SelectQueryError<...>; }' is not assignable to parameter of type 'PurchaseOrderRow'.
  Types of property 'order_number' are incompatible.
    Type 'string | null' is not assignable to type 'string'.
      Type 'null' is not assignable to type 'string'.
src/modules/erp/pages/ProcurementPage.tsx(337,64): error TS2345: Argument of type '{ actual_delivery_date: string | null; created_at: string | null; created_by: string | null; expected_date: string | null; expected_delivery_date: string | null; id: string; notes: string | null; ... 13 more ...; accounts: SelectQueryError<...>; }' is not assignable to parameter of type 'PurchaseOrderRow'.
  Types of property 'order_number' are incompatible.
    Type 'string | null' is not assignable to type 'string'.
      Type 'null' is not assignable to type 'string'.
src/modules/erp/pages/ProductionPage.tsx(199,5): error TS18047: 'order.order_number' is possibly 'null'.
src/modules/erp/pages/ProductionPage.tsx(260,59): error TS18047: 'orderToDelete' is possibly 'null'.
src/modules/erp/pages/ProductionPage.tsx(314,75): error TS2538: Type 'null' cannot be used as an index type.
src/modules/erp/pages/ProductionPage.tsx(315,28): error TS18047: 'order.status' is possibly 'null'.
src/modules/erp/pages/ProductionPage.tsx(338,80): error TS2345: Argument of type '{ actual_end_date: string | null; created_at: string | null; created_by: string | null; due_date: string | null; end_date: string | null; id: string; notes: string | null; order_number: string | null; ... 10 more ...; products: { ...; } | null; }' is not assignable to parameter of type 'ProductionOrderRow'.
  Types of property 'order_number' are incompatible.
    Type 'string | null' is not assignable to type 'string'.
      Type 'null' is not assignable to type 'string'.
src/modules/erp/pages/ProductionPage.tsx(344,65): error TS2345: Argument of type '{ actual_end_date: string | null; created_at: string | null; created_by: string | null; due_date: string | null; end_date: string | null; id: string; notes: string | null; order_number: string | null; ... 10 more ...; products: { ...; } | null; }' is not assignable to parameter of type 'SetStateAction<ProductionOrderRow | null>'.
  Type '{ actual_end_date: string | null; created_at: string | null; created_by: string | null; due_date: string | null; end_date: string | null; id: string; notes: string | null; order_number: string | null; ... 10 more ...; products: { ...; } | null; }' is not assignable to type 'ProductionOrderRow'.
    Types of property 'order_number' are incompatible.
      Type 'string | null' is not assignable to type 'string'.
        Type 'null' is not assignable to type 'string'.
src/ui/components/ErrorBoundary.tsx(24,30): error TS6133: 'error' is declared but its value is never read.
src/ui/components/ErrorBoundary.tsx(24,44): error TS6133: 'errorInfo' is declared but its value is never read.
src/ui/shadcn/calendar.tsx(45,20): error TS6133: '_props' is declared but its value is never read.
src/ui/shadcn/calendar.tsx(46,21): error TS6133: '_props' is declared but its value is never read.
src/ui/shadcn/sidebar.tsx(6,29): error TS2307: Cannot find module '@/core/hooks/use-mobile' or its corresponding type declarations.
src/workspaces/employee/pages/Dashboard.tsx(162,24): error TS2345: Argument of type '"get_inventory_value"' is not assignable to parameter of type '"_rls_user_can_write_org" | "app_is_platform_super_admin" | "app_user_has_organization_access" | "claim_pending_invitations" | "create_signup_organization" | "create_signup_profile" | ... 5 more ... | "search_signup_organizations"'.
src/workspaces/employee/pages/Dashboard.tsx(163,24): error TS2345: Argument of type '"get_revenue_mtd"' is not assignable to parameter of type '"_rls_user_can_write_org" | "app_is_platform_super_admin" | "app_user_has_organization_access" | "claim_pending_invitations" | "create_signup_organization" | "create_signup_profile" | ... 5 more ... | "search_signup_organizations"'.
src/workspaces/employee/pages/Dashboard.tsx(180,41): error TS2345: Argument of type 'SelectQueryError<"column 'company' does not exist on 'profiles'.">' is not assignable to parameter of type 'SetStateAction<Profile | null>'.
src/workspaces/employee/pages/Dashboard.tsx(212,13): error TS2345: Argument of type '{ title: string | null; time: string; status: string; }[]' is not assignable to parameter of type 'SetStateAction<Activity[]>'.
  Type '{ title: string | null; time: string; status: string; }[]' is not assignable to type 'Activity[]'.
    Type '{ title: string | null; time: string; status: string; }' is not assignable to type 'Activity'.
      Types of property 'title' are incompatible.
        Type 'string | null' is not assignable to type 'string'.
          Type 'null' is not assignable to type 'string'.
src/workspaces/organization_admin/pages/OrganizationAdminDashboard.tsx(106,41): error TS2345: Argument of type '(lead: DashboardItem) => void' is not assignable to parameter of type '(value: DashboardChartItem, index: number, array: DashboardChartItem[]) => void'.
  Types of parameters 'lead' and 'value' are incompatible.
    Type 'DashboardChartItem' is not assignable to type 'DashboardItem'.
      Types of property 'created_at' are incompatible.
        Type 'string | null' is not assignable to type 'string | undefined'.
          Type 'null' is not assignable to type 'string | undefined'.
src/workspaces/organization_admin/pages/OrganizationAdminDashboard.tsx(117,45): error TS2345: Argument of type '(contract: DashboardItem) => void' is not assignable to parameter of type '(value: DashboardChartItem, index: number, array: DashboardChartItem[]) => void'.
  Types of parameters 'contract' and 'value' are incompatible.
    Type 'DashboardChartItem' is not assignable to type 'DashboardItem'.
      Types of property 'created_at' are incompatible.
        Type 'string | null' is not assignable to type 'string | undefined'.
          Type 'null' is not assignable to type 'string | undefined'.
src/workspaces/organization_admin/pages/OrganizationAdminDashboard.tsx(135,41): error TS2345: Argument of type '(lead: DashboardItem) => void' is not assignable to parameter of type '(value: DashboardChartItem, index: number, array: DashboardChartItem[]) => void'.
  Types of parameters 'lead' and 'value' are incompatible.
    Type 'DashboardChartItem' is not assignable to type 'DashboardItem'.
      Types of property 'created_at' are incompatible.
        Type 'string | null' is not assignable to type 'string | undefined'.
          Type 'null' is not assignable to type 'string | undefined'.
src/workspaces/organization_admin/pages/OrganizationAdminDashboard.tsx(376,71): error TS2345: Argument of type '(opp: DashboardItem) => JSX.Element' is not assignable to parameter of type '(value: DashboardOpportunity, index: number, array: DashboardOpportunity[]) => Element'.
  Types of parameters 'opp' and 'value' are incompatible.
    Type 'DashboardOpportunity' is not assignable to type 'DashboardItem'.
      Types of property 'name' are incompatible.
        Type 'string | null' is not assignable to type 'string | undefined'.
          Type 'null' is not assignable to type 'string | undefined'.
src/workspaces/organization_admin/pages/OrganizationAdminDashboard.tsx(406,63): error TS2345: Argument of type '(contract: DashboardItem) => JSX.Element' is not assignable to parameter of type '(value: DashboardContract, index: number, array: DashboardContract[]) => Element'.
  Types of parameters 'contract' and 'value' are incompatible.
    Type 'DashboardContract' is not assignable to type 'DashboardItem'.
      Types of property 'name' are incompatible.
        Type 'string | null' is not assignable to type 'string | undefined'.
          Type 'null' is not assignable to type 'string | undefined'.
src/workspaces/organization_admin/pages/OrganizationAdminDashboard.tsx(436,65): error TS2345: Argument of type '(activity: DashboardItem, index: number) => JSX.Element' is not assignable to parameter of type '(value: DashboardActivity, index: number, array: DashboardActivity[]) => Element'.
  Types of parameters 'activity' and 'value' are incompatible.
    Type 'DashboardActivity' is not assignable to type 'DashboardItem'.
      Types of property 'start_time' are incompatible.
        Type 'string | null' is not assignable to type 'string | undefined'.
          Type 'null' is not assignable to type 'string | undefined'.
src/workspaces/organization_admin/pages/OrganizationAdminDashboard.tsx(487,36): error TS2345: Argument of type '(lead: DashboardItem) => JSX.Element' is not assignable to parameter of type '(value: DashboardLead, index: number, array: DashboardLead[]) => Element'.
  Types of parameters 'lead' and 'value' are incompatible.
    Type 'DashboardLead' is not assignable to type 'DashboardItem'.
      Types of property 'created_at' are incompatible.
        Type 'string | null' is not assignable to type 'string | undefined'.
          Type 'null' is not assignable to type 'string | undefined'.
src/workspaces/organization_admin/pages/OrganizationAdminDashboard.tsx(524,63): error TS2345: Argument of type '(log: DashboardItem) => JSX.Element' is not assignable to parameter of type '(value: DashboardAuditLog, index: number, array: DashboardAuditLog[]) => Element'.
  Types of parameters 'log' and 'value' are incompatible.
    Type 'DashboardAuditLog' is not assignable to type 'DashboardItem'.
      Types of property 'created_at' are incompatible.
        Type 'string | null' is not assignable to type 'string | undefined'.
          Type 'null' is not assignable to type 'string | undefined'.
src/workspaces/portal/pages/CustomerContractsPage.tsx(50,22): error TS2345: Argument of type '{ auto_renew: boolean | null; content: string | null; contract_number: string | null; created_at: string | null; created_by: string | null; customer_email: string | null; customer_name: string | null; ... 13 more ...; accounts: SelectQueryError<...>; }[]' is not assignable to parameter of type 'SetStateAction<CustomerContract[]>'.
  Type '{ auto_renew: boolean | null; content: string | null; contract_number: string | null; created_at: string | null; created_by: string | null; customer_email: string | null; customer_name: string | null; ... 13 more ...; accounts: SelectQueryError<...>; }[]' is not assignable to type 'CustomerContract[]'.
    Type '{ auto_renew: boolean | null; content: string | null; contract_number: string | null; created_at: string | null; created_by: string | null; customer_email: string | null; customer_name: string | null; ... 13 more ...; accounts: SelectQueryError<...>; }' is not assignable to type 'CustomerContract'.
      Types of property 'accounts' are incompatible.
        Type 'SelectQueryError<"could not find the relation between contracts and accounts">' is not assignable to type '{ name: string; } | null'.
src/workspaces/portal/pages/CustomerContractsPage.tsx(117,48): error TS2538: Type 'null' cannot be used as an index type.
src/workspaces/portal/pages/CustomerDocumentsPage.tsx(4,1): error TS6133: 'Link' is declared but its value is never read.
src/workspaces/portal/pages/CustomerDocumentsPage.tsx(5,34): error TS6133: 'FileText' is declared but its value is never read.
src/workspaces/portal/pages/CustomerDocumentsPage.tsx(5,53): error TS6133: 'Plus' is declared but its value is never read.
src/workspaces/portal/pages/CustomerDocumentsPage.tsx(40,22): error TS2345: Argument of type '{ content: string | null; created_at: string | null; created_by: string | null; document_type: string | null; id: string; name: string; organization_id: string | null; owner_id: string | null; ... 4 more ...; updated_at: string | null; }[]' is not assignable to parameter of type 'SetStateAction<CustomerDocument[]>'.
  Type '{ content: string | null; created_at: string | null; created_by: string | null; document_type: string | null; id: string; name: string; organization_id: string | null; owner_id: string | null; ... 4 more ...; updated_at: string | null; }[]' is not assignable to type 'CustomerDocument[]'.
    Property 'title' is missing in type '{ content: string | null; created_at: string | null; created_by: string | null; document_type: string | null; id: string; name: string; organization_id: string | null; owner_id: string | null; ... 4 more ...; updated_at: string | null; }' but required in type 'CustomerDocument'.
src/workspaces/portal/pages/CustomerPendingSignaturesPage.tsx(5,16): error TS6133: 'Search' is declared but its value is never read.
src/workspaces/portal/pages/CustomerPendingSignaturesPage.tsx(5,24): error TS6133: 'Eye' is declared but its value is never read.
src/workspaces/portal/pages/CustomerQuotesPage.tsx(122,48): error TS2538: Type 'null' cannot be used as an index type.
src/workspaces/portal/pages/CustomerQuotesPage.tsx(129,50): error TS2345: Argument of type 'number | null' is not assignable to parameter of type 'number'.
  Type 'null' is not assignable to type 'number'.
src/workspaces/website/pages/About.tsx(6,23): error TS6133: 'Award' is declared but its value is never read.
src/workspaces/website/pages/About.tsx(6,30): error TS6133: 'Users' is declared but its value is never read.
src/workspaces/website/pages/About.tsx(6,37): error TS6133: 'Globe' is declared but its value is never read.
src/workspaces/website/pages/About.tsx(7,23): error TS6133: 'Zap' is declared but its value is never read.
src/workspaces/website/pages/About.tsx(183,45): error TS6133: 'index' is declared but its value is never read.
